// Jest Snapshot v1, https://goo.gl/fbAQLP

exports[`creates a manifest 1`] = `
Object {
  "./ui/components/buttons/base/example.jsx": "__internal/chunked/showcase/ui/components/buttons/base/example.jsx.js",
  "./ui/components/buttons/docs.mdx": "__internal/chunked/docs/ui/components/buttons/docs.mdx.js",
  "./ui/components/buttons/stateful/example.jsx": "__internal/chunked/showcase/ui/components/buttons/stateful/example.jsx.js",
  "./ui/components/buttons/with-icon/example.jsx": "__internal/chunked/showcase/ui/components/buttons/with-icon/example.jsx.js",
  "./ui/components/data-tables/advanced/example.jsx": "__internal/chunked/showcase/ui/components/data-tables/advanced/example.jsx.js",
  "./ui/components/data-tables/base/example.jsx": "__internal/chunked/showcase/ui/components/data-tables/base/example.jsx.js",
  "./ui/components/data-tables/inline-edit/example.jsx": "__internal/chunked/showcase/ui/components/data-tables/inline-edit/example.jsx.js",
  "./ui/utilities/alignment/example.jsx": "__internal/chunked/showcase/ui/utilities/alignment/example.jsx.js",
  "./ui/utilities/floats/example.jsx": "__internal/chunked/showcase/ui/utilities/floats/example.jsx.js",
  "docs/common": "__internal/chunked/docs/common.js",
  "showcase/common": "__internal/chunked/showcase/common.js",
}
`;

exports[`creates an entry 1`] = `
Object {
  "__internal/chunked/docs": Object {
    "__internal/chunked/docs/ui/components/buttons/docs.mdx.js": "./ui/components/buttons/docs.mdx",
  },
  "__internal/chunked/showcase": Object {
    "__internal/chunked/showcase/ui/components/buttons/base/example.jsx.js": "./ui/components/buttons/base/example.jsx",
    "__internal/chunked/showcase/ui/components/buttons/stateful/example.jsx.js": "./ui/components/buttons/stateful/example.jsx",
    "__internal/chunked/showcase/ui/components/buttons/with-icon/example.jsx.js": "./ui/components/buttons/with-icon/example.jsx",
    "__internal/chunked/showcase/ui/components/data-tables/advanced/example.jsx.js": "./ui/components/data-tables/advanced/example.jsx",
    "__internal/chunked/showcase/ui/components/data-tables/base/example.jsx.js": "./ui/components/data-tables/base/example.jsx",
    "__internal/chunked/showcase/ui/components/data-tables/inline-edit/example.jsx.js": "./ui/components/data-tables/inline-edit/example.jsx",
    "__internal/chunked/showcase/ui/utilities/alignment/example.jsx.js": "./ui/utilities/alignment/example.jsx",
    "__internal/chunked/showcase/ui/utilities/floats/example.jsx.js": "./ui/utilities/floats/example.jsx",
  },
}
`;
