// Jest Snapshot v1, https://goo.gl/fbAQLP

exports[`scripts/lib.js gets every example in the system 1`] = `
Object {
  "alignment": Array [
    "<div class=\\"slds-align_absolute-center\\">This content will be positioned in the absolute center of its container</div>",
  ],
  "buttons": Array [],
  "data-tables": Array [],
  "floats": Array [
    "<div class=\\"slds-clearfix\\"><div class=\\"slds-float_left\\"><p>I’m floooaaaating</p></div></div>",
    "<div class=\\"slds-clearfix\\"><div class=\\"slds-float_right\\"><p>I’m floooaaaating</p></div></div>",
    "<div class=\\"slds-float_none\\"><p>I’m not floooaaaating</p></div>",
    "<div class=\\"slds-clearfix\\"><div class=\\"slds-float_left\\"><p>I’m floooaaaating</p></div><div class=\\"slds-float_right\\"><p>I’m floooaaaating</p></div></div>",
    "<div><p>I’m floooaaaating</p></div>",
    "<div class=\\"slds-clearfix\\"><div class=\\"slds-float_left\\"><p>I’m floooaaaating</p></div></div>",
    "<div class=\\"slds-clearfix\\"><div class=\\"slds-float_right\\"><p>I’m floooaaaating</p></div></div>",
    "<div class=\\"slds-float_none\\"><p>I’m not floooaaaating</p></div>",
    "<div class=\\"slds-clearfix\\"><div class=\\"slds-float_left\\"><p>I’m floooaaaating</p></div><div class=\\"slds-float_right\\"><p>I’m floooaaaating</p></div></div>",
    "<div><p>I’m floooaaaating</p></div>",
    "<div class=\\"slds-clearfix\\"><div class=\\"slds-float_left\\"><p>I’m floooaaaating</p></div></div>",
    "<div class=\\"slds-clearfix\\"><div class=\\"slds-float_right\\"><p>I’m floooaaaating</p></div></div>",
    "<div class=\\"slds-float_none\\"><p>I’m not floooaaaating</p></div>",
    "<div class=\\"slds-clearfix\\"><div class=\\"slds-float_left\\"><p>I’m floooaaaating</p></div><div class=\\"slds-float_right\\"><p>I’m floooaaaating</p></div></div>",
    "<div><p>I’m floooaaaating</p></div>",
  ],
}
`;
